[0.014s] Invoking command in '/home/adha/belajar/ws1/build/control': CMAKE_PREFIX_PATH=/home/adha/belajar/ws1/install/ros2_socketcan:/home/adha/belajar/ws1/install/ros2_socketcan_msgs:/home/adha/belajar/ws1/install/msgs:/home/adha/belajar/ws1/install/can_msgs:/home/adha/belajar/ws1/install/control:/opt/ros/jazzy/opt/gz_math_vendor:/opt/ros/jazzy/opt/gz_utils_vendor:/opt/ros/jazzy/opt/gz_cmake_vendor DEBUGINFOD_URLS=https://debuginfod.ubuntu.com /usr/bin/cmake --build /home/adha/belajar/ws1/build/control -- -j12 -l12
[0.035s] -- Found ament_cmake: 2.5.2 (/opt/ros/jazzy/share/ament_cmake/cmake)
[0.104s] -- Found rclcpp: 28.1.4 (/opt/ros/jazzy/share/rclcpp/cmake)
[0.121s] -- Found rosidl_generator_c: 4.6.4 (/opt/ros/jazzy/share/rosidl_generator_c/cmake)
[0.126s] -- Found rosidl_generator_cpp: 4.6.4 (/opt/ros/jazzy/share/rosidl_generator_cpp/cmake)
[0.135s] -- Using all available rosidl_typesupport_c: rosidl_typesupport_fastrtps_c;rosidl_typesupport_introspection_c
[0.144s] -- Using all available rosidl_typesupport_cpp: rosidl_typesupport_fastrtps_cpp;rosidl_typesupport_introspection_cpp
[0.182s] -- Found rmw_implementation_cmake: 7.3.1 (/opt/ros/jazzy/share/rmw_implementation_cmake/cmake)
[0.183s] -- Found rmw_fastrtps_cpp: 8.4.1 (/opt/ros/jazzy/share/rmw_fastrtps_cpp/cmake)
[0.226s] -- Using RMW implementation 'rmw_fastrtps_cpp' as default
[0.267s] -- Found geometry_msgs: 5.3.5 (/opt/ros/jazzy/share/geometry_msgs/cmake)
[0.286s] -- Found msgs: 0.0.0 (/home/adha/belajar/ws1/install/msgs/share/msgs/cmake)
[0.292s] -- Found ros2_socketcan: 1.3.0 (/home/adha/belajar/ws1/install/ros2_socketcan/share/ros2_socketcan/cmake)
[0.352s] -- Found rosidl_default_generators: 1.6.0 (/opt/ros/jazzy/share/rosidl_default_generators/cmake)
[0.357s] -- Found rosidl_adapter: 4.6.4 (/opt/ros/jazzy/share/rosidl_adapter/cmake)
[0.407s] Error parsing '/home/adha/belajar/ws1/src/control/package.xml':
[1.032s] Traceback (most recent call last):
[1.032s]   File "/usr/lib/python3/dist-packages/catkin_pkg/package.py", line 610, in parse_package_string
[1.032s]     root = dom.parseString(data)
[1.032s]            ^^^^^^^^^^^^^^^^^^^^^
[1.032s]   File "/usr/lib/python3.12/xml/dom/minidom.py", line 2000, in parseString
[1.033s]     return expatbuilder.parseString(string)
[1.033s]            ^^^^^^^^^^^^^^^^^^^^^^^^^^^^^^^^
[1.034s]   File "/usr/lib/python3.12/xml/dom/expatbuilder.py", line 922, in parseString
[1.034s]     return builder.parseString(string)
[1.034s]            ^^^^^^^^^^^^^^^^^^^^^^^^^^^
[1.034s]   File "/usr/lib/python3.12/xml/dom/expatbuilder.py", line 220, in parseString
[1.034s]     parser.Parse(string, True)
[1.034s] xml.parsers.expat.ExpatError: mismatched tag: line 23, column 2
[1.034s] 
[1.034s] During handling of the above exception, another exception occurred:
[1.034s] 
[1.034s] Traceback (most recent call last):
[1.034s]   File "/opt/ros/jazzy/share/ament_cmake_core/cmake/core/package_xml_2_cmake.py", line 150, in <module>
[1.035s]     main()
[1.035s]   File "/opt/ros/jazzy/share/ament_cmake_core/cmake/core/package_xml_2_cmake.py", line 53, in main
[1.035s]     raise e
[1.035s]   File "/opt/ros/jazzy/share/ament_cmake_core/cmake/core/package_xml_2_cmake.py", line 49, in main
[1.035s]     package = parse_package_string(
[1.035s]               ^^^^^^^^^^^^^^^^^^^^^
[1.035s]   File "/usr/lib/python3/dist-packages/catkin_pkg/package.py", line 612, in parse_package_string
[1.035s]     raise InvalidPackage('The manifest contains invalid XML:\n%s' % ex, filename)
[1.035s] catkin_pkg.package.InvalidPackage: Error(s) in package '/home/adha/belajar/ws1/src/control/package.xml':
[1.035s] The manifest contains invalid XML:
[1.035s] mismatched tag: line 23, column 2
[1.063s] [31mCMake Error at /opt/ros/jazzy/share/ament_cmake_core/cmake/core/ament_package_xml.cmake:95 (message):
[1.063s]   execute_process(/usr/bin/python3
[1.063s]   /opt/ros/jazzy/share/ament_cmake_core/cmake/core/package_xml_2_cmake.py
[1.063s]   /home/adha/belajar/ws1/src/control/package.xml
[1.064s]   /home/adha/belajar/ws1/build/control/ament_cmake_core/package.cmake)
[1.064s]   returned error code 1
[1.064s] Call Stack (most recent call first):
[1.064s]   /opt/ros/jazzy/share/ament_cmake_core/cmake/core/ament_package_xml.cmake:49 (_ament_package_xml)
[1.064s]   /opt/ros/jazzy/share/ament_cmake_core/cmake/core/ament_package.cmake:63 (ament_package_xml)
[1.064s]   CMakeLists.txt:46 (ament_package)
[1.064s] 
[1.064s] [0m
[1.064s] -- Configuring incomplete, errors occurred!
[1.070s] gmake: *** [Makefile:897: cmake_check_build_system] Error 1
[1.072s] Invoked command in '/home/adha/belajar/ws1/build/control' returned '2': CMAKE_PREFIX_PATH=/home/adha/belajar/ws1/install/ros2_socketcan:/home/adha/belajar/ws1/install/ros2_socketcan_msgs:/home/adha/belajar/ws1/install/msgs:/home/adha/belajar/ws1/install/can_msgs:/home/adha/belajar/ws1/install/control:/opt/ros/jazzy/opt/gz_math_vendor:/opt/ros/jazzy/opt/gz_utils_vendor:/opt/ros/jazzy/opt/gz_cmake_vendor DEBUGINFOD_URLS=https://debuginfod.ubuntu.com /usr/bin/cmake --build /home/adha/belajar/ws1/build/control -- -j12 -l12
